[
  {
    "address": "0x2e988A386a799F506693793c6A5AF6B54dfAaBfB",
    "signing_key": "0x2e988A386a799F506693793c6A5AF6B54dfAaBfB",
    "registered_at_block_number": 1,
    "registered_at_timestamp": 1,
    "active_epoch": 1,
    "exit_epoch": 4294967295,
    "status": "active",
    "weight": 100,
    "created_at": "1970-01-01T00:00:00Z",
    "updated_at": "1970-01-01T00:00:00Z"
  }
]