[
  {
    "task_id": "",
    "chain_id": 0,
    "target_address": "",
    "key": 2,
    "block_number": 0,
    "timestamp": 0,
    "value": null,
    "epoch": 0,
    "status": "pending",
    "required_confirmations": 0,
    "retry_count": 0,
    "created_at": "1970-01-01T00:00:00Z",
    "updated_at": "1970-01-01T00:00:00Z"
  }
]